> install.packages(c("readxl", "dplyr", "ggplot2"))
--- Please select a CRAN mirror for use in this session ---
also installing the dependencies ‘rematch’, ‘fansi’, ‘pkgconfig’, ‘crayon’, ‘hms’, ‘prettyunits’, ‘utf8’, ‘farver’, ‘labeling’, ‘RColorBrewer’, ‘viridisLite’, ‘cellranger’, ‘tibble’, ‘cpp11’, ‘progress’, ‘cli’, ‘generics’, ‘glue’, ‘lifecycle’, ‘magrittr’, ‘pillar’, ‘R6’, ‘rlang’, ‘tidyselect’, ‘vctrs’, ‘gtable’, ‘isoband’, ‘scales’, ‘withr’

trying URL 'https://cran.case.edu/bin/macosx/big-sur-arm64/contrib/4.5/rematch_2.0.0.tgz'
trying URL 'https://cran.case.edu/bin/macosx/big-sur-arm64/contrib/4.5/fansi_1.0.6.tgz'
trying URL 'https://cran.case.edu/bin/macosx/big-sur-arm64/contrib/4.5/pkgconfig_2.0.3.tgz'
trying URL 'https://cran.case.edu/bin/macosx/big-sur-arm64/contrib/4.5/crayon_1.5.3.tgz'
trying URL 'https://cran.case.edu/bin/macosx/big-sur-arm64/contrib/4.5/hms_1.1.3.tgz'
trying URL 'https://cran.case.edu/bin/macosx/big-sur-arm64/contrib/4.5/prettyunits_1.2.0.tgz'
trying URL 'https://cran.case.edu/bin/macosx/big-sur-arm64/contrib/4.5/utf8_1.2.5.tgz'
trying URL 'https://cran.case.edu/bin/macosx/big-sur-arm64/contrib/4.5/farver_2.1.2.tgz'
trying URL 'https://cran.case.edu/bin/macosx/big-sur-arm64/contrib/4.5/labeling_0.4.3.tgz'
trying URL 'https://cran.case.edu/bin/macosx/big-sur-arm64/contrib/4.5/RColorBrewer_1.1-3.tgz'
trying URL 'https://cran.case.edu/bin/macosx/big-sur-arm64/contrib/4.5/viridisLite_0.4.2.tgz'
trying URL 'https://cran.case.edu/bin/macosx/big-sur-arm64/contrib/4.5/cellranger_1.1.0.tgz'
trying URL 'https://cran.case.edu/bin/macosx/big-sur-arm64/contrib/4.5/tibble_3.2.1.tgz'
trying URL 'https://cran.case.edu/bin/macosx/big-sur-arm64/contrib/4.5/cpp11_0.5.2.tgz'
trying URL 'https://cran.case.edu/bin/macosx/big-sur-arm64/contrib/4.5/progress_1.2.3.tgz'
trying URL 'https://cran.case.edu/bin/macosx/big-sur-arm64/contrib/4.5/cli_3.6.5.tgz'
trying URL 'https://cran.case.edu/bin/macosx/big-sur-arm64/contrib/4.5/generics_0.1.4.tgz'
trying URL 'https://cran.case.edu/bin/macosx/big-sur-arm64/contrib/4.5/glue_1.8.0.tgz'
trying URL 'https://cran.case.edu/bin/macosx/big-sur-arm64/contrib/4.5/lifecycle_1.0.4.tgz'
trying URL 'https://cran.case.edu/bin/macosx/big-sur-arm64/contrib/4.5/magrittr_2.0.3.tgz'
trying URL 'https://cran.case.edu/bin/macosx/big-sur-arm64/contrib/4.5/pillar_1.10.2.tgz'
trying URL 'https://cran.case.edu/bin/macosx/big-sur-arm64/contrib/4.5/R6_2.6.1.tgz'
trying URL 'https://cran.case.edu/bin/macosx/big-sur-arm64/contrib/4.5/rlang_1.1.6.tgz'
trying URL 'https://cran.case.edu/bin/macosx/big-sur-arm64/contrib/4.5/tidyselect_1.2.1.tgz'
trying URL 'https://cran.case.edu/bin/macosx/big-sur-arm64/contrib/4.5/vctrs_0.6.5.tgz'
trying URL 'https://cran.case.edu/bin/macosx/big-sur-arm64/contrib/4.5/gtable_0.3.6.tgz'
trying URL 'https://cran.case.edu/bin/macosx/big-sur-arm64/contrib/4.5/isoband_0.2.7.tgz'
trying URL 'https://cran.case.edu/bin/macosx/big-sur-arm64/contrib/4.5/scales_1.4.0.tgz'
trying URL 'https://cran.case.edu/bin/macosx/big-sur-arm64/contrib/4.5/withr_3.0.2.tgz'
trying URL 'https://cran.case.edu/bin/macosx/big-sur-arm64/contrib/4.5/readxl_1.4.5.tgz'
trying URL 'https://cran.case.edu/bin/macosx/big-sur-arm64/contrib/4.5/dplyr_1.1.4.tgz'
trying URL 'https://cran.case.edu/bin/macosx/big-sur-arm64/contrib/4.5/ggplot2_3.5.2.tgz'

The downloaded binary packages are in
	/var/folders/s8/_8qk4drn5gg0ns65kj_d1mb00000gn/T//RtmpQEIRT3/downloaded_packages
> data <- read_excel("'/Users/zalawadi/Library/Mobile Documents/com~apple~CloudDocs/STAT505/11_WeldExperiment dataset.xlsx'")
Error in read_excel("'/Users/zalawadi/Library/Mobile Documents/com~apple~CloudDocs/STAT505/11_WeldExperiment dataset.xlsx'") : 
  could not find function "read_excel"
> data <- read_excel("/Users/zalawadi/Library/Mobile Documents/com~apple~CloudDocs/STAT505/11_WeldExperiment dataset.xlsx", sheet = "Experiment Meta Data")
Error in read_excel("/Users/zalawadi/Library/Mobile Documents/com~apple~CloudDocs/STAT505/11_WeldExperiment dataset.xlsx",  : 
  could not find function "read_excel"
> library(readxl)
> data <- ("11_WeldExperiment dataset.xlsx", sheet = "Experiment Meta Data")
Error: unexpected ',' in "data <- ("11_WeldExperiment dataset.xlsx","
> data <- read_excel("11_WeldExperiment dataset.xlsx", sheet = "Experiment Meta Data")
Error: `path` does not exist: ‘11_WeldExperiment dataset.xlsx’
> data <- read_excel("'/Users/zalawadi/Library/Mobile Documents/com~apple~CloudDocs/STAT505/11_WeldExperiment dataset.xlsx'", sheet = "Experiment Meta Data")
Error: `path` does not exist: ‘'/Users/zalawadi/Library/Mobile Documents/com~apple~CloudDocs/STAT505/11_WeldExperiment dataset.xlsx'’
> data <- read_excel("/Users/zalawadi/Library/Mobile Documents/com~apple~CloudDocs/STAT505/11_WeldExperiment dataset.xlsx", sheet = "Experiment Meta Data")
                                                                                               
> str(data)
tibble [41 × 13] (S3: tbl_df/tbl/data.frame)
 $ Test_Specimen          : chr [1:41] "#" "A1" "A2" "A3" ...
 $ Material_THK           : chr [1:41] "in" "0.25" "0.25" "0.25" ...
 $ Leg_Size               : chr [1:41] "in" "0.25" "0.25" "0.25" ...
 $ Throat_Size            : chr [1:41] "in" "0.17674999999999999" "0.17674999999999999" "0.17674999999999999" ...
 $ Weld_Length            : chr [1:41] "in" "5.9375" "5.9375" "6" ...
 $ Effective_Weld_Area    : chr [1:41] "in^2" "1.0494531249999999" "1.0494531249999999" "1.0605" ...
 $ Tensile_Strength       : chr [1:41] "psi" "70000" "70000" "70000" ...
 $ Transverse_Theo_Failure: chr [1:41] "lbf" "73461.718749999985" "73461.718749999985" "74235" ...
 $ Shear_Theo_Failure     : chr [1:41] "lbf" "22038.515624999996" "22038.515624999996" "22270.5" ...
 $ Actual_Failure         : chr [1:41] "lbf" "4947.49" "6054.02" "6383.93" ...
 $ MacroEtch              : chr [1:41] "Pass/Fail" "P" "P" "P" ...
 $ Break_Fusion           : chr [1:41] "Pass/Fail" "F" "P" "P" ...
 $ Equation_Factor        : num [1:41] NA 0.0673 0.0824 0.086 0.069 ...
> summary(data)
 Test_Specimen      Material_THK         Leg_Size         Throat_Size        Weld_Length       
 Length:41          Length:41          Length:41          Length:41          Length:41         
 Class :character   Class :character   Class :character   Class :character   Class :character  
 Mode  :character   Mode  :character   Mode  :character   Mode  :character   Mode  :character  
                                                                                               
                                                                                               
                                                                                               
                                                                                               
 Effective_Weld_Area Tensile_Strength   Transverse_Theo_Failure Shear_Theo_Failure
 Length:41           Length:41          Length:41               Length:41         
 Class :character    Class :character   Class :character        Class :character  
 Mode  :character    Mode  :character   Mode  :character        Mode  :character  
                                                                                  
                                                                                  
                                                                                  
                                                                                  
 Actual_Failure      MacroEtch         Break_Fusion       Equation_Factor  
 Length:41          Length:41          Length:41          Min.   :0.06735  
 Class :character   Class :character   Class :character   1st Qu.:0.08681  
 Mode  :character   Mode  :character   Mode  :character   Median :0.11518  
                                                          Mean   :0.12009  
                                                          3rd Qu.:0.14584  
                                                          Max.   :0.19319  
                                                          NA's   :1        
> glimpse(data)
Error in glimpse(data) : could not find function "glimpse"
> sapply(data,class)
          Test_Specimen            Material_THK                Leg_Size             Throat_Size 
            "character"             "character"             "character"             "character" 
            Weld_Length     Effective_Weld_Area        Tensile_Strength Transverse_Theo_Failure 
            "character"             "character"             "character"             "character" 
     Shear_Theo_Failure          Actual_Failure               MacroEtch            Break_Fusion 
            "character"             "character"             "character"             "character" 
        Equation_Factor 
              "numeric" 
> dim(data)
[1] 41 13
> ?cat()
starting httpd help server ... done
> 